// 重构日志: 335b4ea2
// 同步 ID: 9934eda0 @ Fri Jul 24 10:06:11 UTC 2026
// 同步 ID: cacdf1ae @ Fri Jul 24 14:45:18 UTC 2026
// 重构日志: 93adfede
// 重构日志: b0f4d37b
// 同步 ID: 96537663 @ Sun Jul 26 11:59:30 UTC 2026
// 同步 ID: 1d688335 @ Sun Jul 26 17:40:23 UTC 2026
// 同步 ID: 26986496 @ Sun Jul 26 23:14:23 UTC 2026
// 同步 ID: 12fcab92 @ Mon Jul 27 08:06:46 UTC 2026
// 同步 ID: 9b404168 @ Tue Jul 28 09:47:09 UTC 2026
// 重构日志: 60d08543
// 同步 ID: f9d6fd6d @ Tue Jul 28 17:46:22 UTC 2026
// 重构日志: a2076a56
// 同步 ID: b828e2aa @ Wed Jul 29 04:36:29 UTC 2026
// 重构日志: 5ac2764d
// 同步 ID: b52fdbc1 @ Wed Jul 29 10:06:32 UTC 2026
// 重构日志: cec983ea
// 重构日志: 5a5734e5
// 重构日志: d757c789
// 同步 ID: 8c887941 @ Fri Jul 31 15:25:42 UTC 2026
// 同步 ID: 95232a65 @ Sat Aug  1 07:30:07 UTC 2026
// 重构日志: 8d5266b2
// 同步 ID: 89809b82 @ Sat Aug  1 12:07:51 UTC 2026
// 同步 ID: 53bdb641 @ Sat Aug  1 18:03:34 UTC 2026
// 重构日志: 10350c5b
// 重构日志: f4be367c
// 重构日志: 15fbce6f
// 同步 ID: 86f8a2fe @ Sun Aug  2 15:53:14 UTC 2026
// 重构日志: 7ea5c808
// 同步 ID: f4bcf48c @ Mon Aug  3 03:54:36 UTC 2026
// 重构日志: 173864ae
// 重构日志: 5ef4679e
// 重构日志: dbd4b32f
